=== measure_echo.py ===
generated_utc: 2026-08-05T03:42:49Z
input files:
  gdelt-politics.json: raw_records=250 added_after_dedup=250
pool_size_after_url_dedup: 250
distinct_domains: 203
short_titles_lt_6_tokens: 16
echo_index_A: 23.60%  (59/250)
headline_phrase: "what ex son in law is" domains=13
rule_B_sweep (A and B are NOT nested -- both directions shown):
  t=0.9: echo_index_B=22.00%  gap=-1.60pp  caught_by_B_not_A=0  caught_by_A_not_B=4  caught_by_both=55  clusters=191  largest_cluster=13 (domains=13)
  t=0.8: echo_index_B=22.00%  gap=-1.60pp  caught_by_B_not_A=0  caught_by_A_not_B=4  caught_by_both=55  clusters=190  largest_cluster=13 (domains=13)
  t=0.7: echo_index_B=22.80%  gap=-0.80pp  caught_by_B_not_A=1  caught_by_A_not_B=3  caught_by_both=56  clusters=188  largest_cluster=13 (domains=13)
  t=0.6: echo_index_B=24.40%  gap=+0.80pp  caught_by_B_not_A=2  caught_by_A_not_B=0  caught_by_both=59  clusters=186  largest_cluster=13 (domains=13)
  t=0.5: echo_index_B=24.80%  gap=+1.20pp  caught_by_B_not_A=3  caught_by_A_not_B=0  caught_by_both=59  clusters=183  largest_cluster=13 (domains=13)
examples_by_threshold (>=3-domain-counting-cluster pairs only):
  t=0.9: count=0
  t=0.7: count=8
rule_C (domain vs publisher-group as unit of independence):
  paths_with_ge2_domains=12  paths_with_ge3_domains=7
  distinct_domains=203  distinct_publisher_groups=155
  echo_index_A_original=23.60%  echo_index_A_collapsed=3.20%  drop_pp=20.40
wrote: /home/user/field-research/drafts/2026-08-04-echo-below-the-line/day1-rerun/results/summary.json
wrote: /home/user/field-research/drafts/2026-08-04-echo-below-the-line/day1-rerun/results/examples.json
wrote: /home/user/field-research/drafts/2026-08-04-echo-below-the-line/day1-rerun/results/summary.md
