[1/80] notes=17 https://www.gov.uk/government/publications/adult-social-care-learning-and-development-support-scheme
[2/80] notes=3 https://www.gov.uk/government/publications/ai-airlock-sandbox-phase-2-programme-report
[3/80] notes=1 https://www.gov.uk/government/publications/ambient-voice-technology-enabled-products
[4/80] notes=15 https://www.gov.uk/government/publications/anglian-waterways-registration-charges
[5/80] notes=6 https://www.gov.uk/government/publications/apprenticeship-funding-rules-and-assessment-plan-guidance-2026-to-2027
[6/80] notes=19 https://www.gov.uk/government/publications/basic-check-guidance-and-policies
[7/80] notes=7 https://www.gov.uk/government/publications/better-regulation-framework
[8/80] notes=16 https://www.gov.uk/government/publications/calculating-foreign-tax-credit-relief-on-income-hs263-self-assessment-helpsheet
[9/80] notes=1 https://www.gov.uk/government/publications/car-parts-checked-at-an-mot
[10/80] notes=23 https://www.gov.uk/government/publications/cervical-screening-description-in-brief
[11/80] notes=6 https://www.gov.uk/government/publications/channel-and-prevent-multi-agency-panel-pmap-guidance
[12/80] notes=4 https://www.gov.uk/government/publications/charity-reporting-and-accounting-the-essentials-november-2016-cc15d
[13/80] notes=1 https://www.gov.uk/government/publications/child-sexual-exploitation-definition-and-guide-for-practitioners
[14/80] notes=13 https://www.gov.uk/government/publications/childrens-homes-inspection-documents
[15/80] notes=5 https://www.gov.uk/government/publications/civil-service-competency-framework
[16/80] notes=25 https://www.gov.uk/government/publications/countryside-stewardship-higher-tier-csht
[17/80] notes=186 https://www.gov.uk/government/publications/data-element-23-documents-and-other-reference-codes-union-of-the-customs-declaration-service-cds
[18/80] notes=22 https://www.gov.uk/government/publications/diabetic-eye-screening-description-in-brief
[19/80] notes=3 https://www.gov.uk/government/publications/disabled-travellers
[20/80] notes=3 https://www.gov.uk/government/publications/electronic-travel-authorisation-eta-privacy-information-notice
[21/80] notes=18 https://www.gov.uk/government/publications/employment-tribunal-hearings-claimant-guide-t424
[22/80] notes=16 https://www.gov.uk/government/publications/employment-tribunals-after-your-claim-is-accepted-t421
[23/80] notes=5 https://www.gov.uk/government/publications/esfa-subcontracting-standard
[24/80] notes=21 https://www.gov.uk/government/publications/exempt-exm
[25/80] notes=9 https://www.gov.uk/government/publications/fire-safety-england-regulations-2022-fire-door-guidance
[26/80] notes=3 https://www.gov.uk/government/publications/fire-safety-risk-assessment-sleeping-accommodation
[27/80] notes=12 https://www.gov.uk/government/publications/fit-note-guidance-for-employers-and-line-managers
[28/80] notes=1 https://www.gov.uk/government/publications/food-safety-in-a-power-cut-advice-for-consumers
[29/80] notes=15 https://www.gov.uk/government/publications/form-mn1-guidance
[30/80] notes=11 https://www.gov.uk/government/publications/form-ukf-guidance
[31/80] notes=3 https://www.gov.uk/government/publications/global-business-mobility-eligible-occupations-and-codes
[32/80] notes=3 https://www.gov.uk/government/publications/higher-tier-capital-grants-2026
[33/80] notes=19 https://www.gov.uk/government/publications/how-to-bring-a-complaint-to-the-independent-case-examiner
[34/80] notes=1 https://www.gov.uk/government/publications/how-to-chill-freeze-and-defrost-food-safely
[35/80] notes=1 https://www.gov.uk/government/publications/how-to-complete-form-chv1
[36/80] notes=6 https://www.gov.uk/government/publications/human-papillomavirus-hpv-the-green-book-chapter-18a
[37/80] notes=15 https://www.gov.uk/government/publications/illegal-working-penalties-uk-report
[38/80] notes=2 https://www.gov.uk/government/publications/in-service-exhaust-emission-standards-for-road-vehicles
[39/80] notes=13 https://www.gov.uk/government/publications/indefinite-leave-to-remain-calculating-continuous-period-in-uk
[40/80] notes=84 https://www.gov.uk/government/publications/jsp-375-health-and-safety-handbook-volume-2
[41/80] notes=74 https://www.gov.uk/government/publications/jsp-464-tri-service-accommodation-regulations-tsars
[42/80] notes=15 https://www.gov.uk/government/publications/long-residence
[43/80] notes=28 https://www.gov.uk/government/publications/lulworth-access-times
[44/80] notes=3 https://www.gov.uk/government/publications/medical-devices-post-market-surveillance-requirements
[45/80] notes=2 https://www.gov.uk/government/publications/meningococcal-b-menb-time-limited-vaccination-offer-information-for-healthcare-practitioners
[46/80] notes=2 https://www.gov.uk/government/publications/mmrv-patient-group-direction-pgd-template
[47/80] notes=1 https://www.gov.uk/government/publications/msn-1856-mf-amendment-1-uk-requirements-for-master-and-deck-officers
[48/80] notes=17 https://www.gov.uk/government/publications/naturalisation-as-a-british-citizen-by-discretion-nationality-policy-guidance
[49/80] notes=21 https://www.gov.uk/government/publications/nhs-cost-recovery-overseas-visitors
[50/80] notes=81 https://www.gov.uk/government/publications/notices-restrictions-and-protection-of-third-party-interests-pg19
[51/80] notes=11 https://www.gov.uk/government/publications/ogden-tables-actuarial-compensation-tables-for-injury-and-death
[52/80] notes=1 https://www.gov.uk/government/publications/outdoor-advertisements-and-signs-a-guide-for-advertisers
[53/80] notes=10 https://www.gov.uk/government/publications/overseas-companies-in-the-uk-registration-filing-and-disclosure-obligations
[54/80] notes=1 https://www.gov.uk/government/publications/pension-schemes-newsletter-183-july-2026
[55/80] notes=1 https://www.gov.uk/government/publications/people-with-significant-control-summary-guidance
[56/80] notes=10 https://www.gov.uk/government/publications/personal-information-use-in-borders-immigration-and-citizenship
[57/80] notes=4 https://www.gov.uk/government/publications/physical-activity-guidelines-uk-chief-medical-officers-report
[58/80] notes=3 https://www.gov.uk/government/publications/policy-profession-standards
[59/80] notes=1 https://www.gov.uk/government/publications/public-service-pensions-remedy-newsletter-july-2026
[60/80] notes=4 https://www.gov.uk/government/publications/recalls-and-alerts
[61/80] notes=4 https://www.gov.uk/government/publications/recycling-assessment-methodology-materials-and-outputs
[62/80] notes=8 https://www.gov.uk/government/publications/sailing-pleasure-craft-to-and-from-the-uk
[63/80] notes=4 https://www.gov.uk/government/publications/school-and-college-security
[64/80] notes=5 https://www.gov.uk/government/publications/searching-screening-and-confiscation
[65/80] notes=1 https://www.gov.uk/government/publications/sentencing-act-offence-exclusions
[66/80] notes=10 https://www.gov.uk/government/publications/skilled-worker-visa-eligible-salary-if-youre-under-26-studying-training-or-in-a-postdoctoral-role
[67/80] notes=15 https://www.gov.uk/government/publications/specialist-schemes-testing-station-map
[68/80] notes=6 https://www.gov.uk/government/publications/sr2022-no-4-non-hazardous-waste-recycling-with-asbestos-hazardous-batteries-cable-and-weee-storage
[69/80] notes=12 https://www.gov.uk/government/publications/store-a-will-with-the-probate-service
[70/80] notes=20 https://www.gov.uk/government/publications/terms-and-conditions-for-booking-and-taking-the-life-in-the-uk-test
[71/80] notes=8 https://www.gov.uk/government/publications/the-nhs-constitution-for-england
[72/80] notes=6 https://www.gov.uk/government/publications/the-uk-forestry-standard
[73/80] notes=2 https://www.gov.uk/government/publications/the-writing-framework
[74/80] notes=9 https://www.gov.uk/government/publications/travelling-to-the-uk
[75/80] notes=3 https://www.gov.uk/government/publications/turing-scheme-international-placements-2026-to-2027
[76/80] notes=24 https://www.gov.uk/government/publications/uk-strategic-export-control-lists-the-consolidated-list-of-strategic-military-and-dual-use-items-that-require-export-authorisation
[77/80] notes=1 https://www.gov.uk/government/publications/using-emergency-adrenaline-auto-injectors-in-schools
[78/80] notes=23 https://www.gov.uk/government/publications/vaccination-of-individuals-with-uncertain-or-incomplete-immunisation
[79/80] notes=22 https://www.gov.uk/government/publications/warm-homes-local-grant
[80/80] notes=6 https://www.gov.uk/government/publications/working-whilst-an-asylum-claim-is-considered
{
 "sampled": 80,
 "fetched": 80,
 "errors": 0,
 "with_change_history": 80,
 "with_change_history_pct": 100.0,
 "notes_median": 6.5,
 "notes_max": 186,
 "notes_total": 1113,
 "with_public_updated_at": 80
}
