cached politics 250
retry economy 0 <HTTPError 429: 'Too Many Requests'>
retry economy 1 <HTTPError 429: 'Too Many Requests'>
retry economy 2 <HTTPError 429: 'Too Many Requests'>
FAILED economy
retry technology 0 <HTTPError 429: 'Too Many Requests'>
ok technology 250 5afe92ebf39a
ok health 250 a97b13b25ee8
retry science 0 <HTTPError 429: 'Too Many Requests'>
retry science 1 <HTTPError 429: 'Too Many Requests'>
retry science 2 <HTTPError 429: 'Too Many Requests'>
FAILED science
retry business 0 <HTTPError 429: 'Too Many Requests'>
retry business 1 <HTTPError 429: 'Too Many Requests'>
retry business 2 <HTTPError 429: 'Too Many Requests'>
FAILED business
retry sports 0 <HTTPError 429: 'Too Many Requests'>
retry sports 1 <HTTPError 429: 'Too Many Requests'>
retry sports 2 <HTTPError 429: 'Too Many Requests'>
FAILED sports
retry weather 0 <HTTPError 429: 'Too Many Requests'>
